This is pdfTeX, Version 3.141592653-2.6-1.40.29 (TeX Live 2026) (preloaded format=pdflatex 2026.3.22)  28 APR 2026 21:05
entering extended mode
 restricted \write18 enabled.
 %&-line parsing enabled.
**compile_appendix.tex
(./compile_appendix.tex
LaTeX2e <2025-11-01>
L3 programming layer <2026-01-19>
(/usr/local/texlive/2026/texmf-dist/tex/latex/base/article.cls
Document Class: article 2025/01/22 v1.4n Standard LaTeX document class
(/usr/local/texlive/2026/texmf-dist/tex/latex/base/size12.clo
File: size12.clo 2025/01/22 v1.4n Standard LaTeX file (size option)
)
\c@part=\count275
\c@section=\count276
\c@subsection=\count277
\c@subsubsection=\count278
\c@paragraph=\count279
\c@subparagraph=\count280
\c@figure=\count281
\c@table=\count282
\abovecaptionskip=\skip49
\belowcaptionskip=\skip50
\bibindent=\dimen148
)
(/usr/local/texlive/2026/texmf-dist/tex/latex/base/inputenc.sty
Package: inputenc 2024/02/08 v1.3d Input encoding file
\inpenc@prehook=\toks17
\inpenc@posthook=\toks18
)
(/usr/local/texlive/2026/texmf-dist/tex/latex/base/fontenc.sty
Package: fontenc 2025/07/18 v2.1d Standard LaTeX package
)
(/usr/local/texlive/2026/texmf-dist/tex/latex/booktabs/booktabs.sty
Package: booktabs 2020/01/12 v1.61803398 Publication quality tables
\heavyrulewidth=\dimen149
\lightrulewidth=\dimen150
\cmidrulewidth=\dimen151
\belowrulesep=\dimen152
\belowbottomsep=\dimen153
\aboverulesep=\dimen154
\abovetopsep=\dimen155
\cmidrulesep=\dimen156
\cmidrulekern=\dimen157
\defaultaddspace=\dimen158
\@cmidla=\count283
\@cmidlb=\count284
\@aboverulesep=\dimen159
\@belowrulesep=\dimen160
\@thisruleclass=\count285
\@lastruleclass=\count286
\@thisrulewidth=\dimen161
)
(/usr/local/texlive/2026/texmf-dist/tex/latex/amsmath/amsmath.sty
Package: amsmath 2025/07/09 v2.17z AMS math features
\@mathmargin=\skip51

For additional information on amsmath, use the `?' option.
(/usr/local/texlive/2026/texmf-dist/tex/latex/amsmath/amstext.sty
Package: amstext 2024/11/17 v2.01 AMS text

(/usr/local/texlive/2026/texmf-dist/tex/latex/amsmath/amsgen.sty
File: amsgen.sty 1999/11/30 v2.0 generic functions
\@emptytoks=\toks19
\ex@=\dimen162
))
(/usr/local/texlive/2026/texmf-dist/tex/latex/amsmath/amsbsy.sty
Package: amsbsy 1999/11/29 v1.2d Bold Symbols
\pmbraise@=\dimen163
)
(/usr/local/texlive/2026/texmf-dist/tex/latex/amsmath/amsopn.sty
Package: amsopn 2022/04/08 v2.04 operator names
)
\inf@bad=\count287
LaTeX Info: Redefining \frac on input line 233.
\uproot@=\count288
\leftroot@=\count289
LaTeX Info: Redefining \overline on input line 398.
LaTeX Info: Redefining \colon on input line 409.
\classnum@=\count290
\DOTSCASE@=\count291
LaTeX Info: Redefining \ldots on input line 495.
LaTeX Info: Redefining \dots on input line 498.
LaTeX Info: Redefining \cdots on input line 619.
\Mathstrutbox@=\box53
\strutbox@=\box54
LaTeX Info: Redefining \big on input line 721.
LaTeX Info: Redefining \Big on input line 722.
LaTeX Info: Redefining \bigg on input line 723.
LaTeX Info: Redefining \Bigg on input line 724.
\big@size=\dimen164
LaTeX Font Info:    Redeclaring font encoding OML on input line 742.
LaTeX Font Info:    Redeclaring font encoding OMS on input line 743.
\macc@depth=\count292
LaTeX Info: Redefining \bmod on input line 904.
LaTeX Info: Redefining \pmod on input line 909.
LaTeX Info: Redefining \smash on input line 939.
LaTeX Info: Redefining \relbar on input line 969.
LaTeX Info: Redefining \Relbar on input line 970.
\c@MaxMatrixCols=\count293
\dotsspace@=\muskip17
\c@parentequation=\count294
\dspbrk@lvl=\count295
\tag@help=\toks20
\row@=\count296
\column@=\count297
\maxfields@=\count298
\andhelp@=\toks21
\eqnshift@=\dimen165
\alignsep@=\dimen166
\tagshift@=\dimen167
\tagwidth@=\dimen168
\totwidth@=\dimen169
\lineht@=\dimen170
\@envbody=\toks22
\multlinegap=\skip52
\multlinetaggap=\skip53
\mathdisplay@stack=\toks23
LaTeX Info: Redefining \[ on input line 2950.
LaTeX Info: Redefining \] on input line 2951.
)
(/usr/local/texlive/2026/texmf-dist/tex/latex/hyperref/hyperref.sty
Package: hyperref 2026-01-29 v7.01p Hypertext links for LaTeX

(/usr/local/texlive/2026/texmf-dist/tex/generic/iftex/iftex.sty
Package: iftex 2024/12/12 v1.0g TeX engine tests
)
(/usr/local/texlive/2026/texmf-dist/tex/latex/graphics/keyval.sty
Package: keyval 2022/05/29 v1.15 key=value parser (DPC)
\KV@toks@=\toks24
)
(/usr/local/texlive/2026/texmf-dist/tex/latex/kvsetkeys/kvsetkeys.sty
Package: kvsetkeys 2022-10-05 v1.19 Key value parser (HO)
)
(/usr/local/texlive/2026/texmf-dist/tex/generic/kvdefinekeys/kvdefinekeys.sty
Package: kvdefinekeys 2019-12-19 v1.6 Define keys (HO)
)
(/usr/local/texlive/2026/texmf-dist/tex/generic/pdfescape/pdfescape.sty
Package: pdfescape 2019/12/09 v1.15 Implements pdfTeX's escape features (HO)

(/usr/local/texlive/2026/texmf-dist/tex/generic/ltxcmds/ltxcmds.sty
Package: ltxcmds 2023-12-04 v1.26 LaTeX kernel commands for general use (HO)
)
(/usr/local/texlive/2026/texmf-dist/tex/generic/pdftexcmds/pdftexcmds.sty
Package: pdftexcmds 2020-06-27 v0.33 Utility functions of pdfTeX for LuaTeX (HO
)

(/usr/local/texlive/2026/texmf-dist/tex/generic/infwarerr/infwarerr.sty
Package: infwarerr 2019/12/03 v1.5 Providing info/warning/error messages (HO)
)
Package pdftexcmds Info: \pdf@primitive is available.
Package pdftexcmds Info: \pdf@ifprimitive is available.
Package pdftexcmds Info: \pdfdraftmode found.
))
(/usr/local/texlive/2026/texmf-dist/tex/latex/hycolor/hycolor.sty
Package: hycolor 2020-01-27 v1.10 Color options for hyperref/bookmark (HO)
)
(/usr/local/texlive/2026/texmf-dist/tex/latex/hyperref/nameref.sty
Package: nameref 2026-01-29 v2.58 Cross-referencing by name of section

(/usr/local/texlive/2026/texmf-dist/tex/latex/refcount/refcount.sty
Package: refcount 2019/12/15 v3.6 Data extraction from label references (HO)
)
(/usr/local/texlive/2026/texmf-dist/tex/generic/gettitlestring/gettitlestring.s
ty
Package: gettitlestring 2019/12/15 v1.6 Cleanup title references (HO)
 (/usr/local/texlive/2026/texmf-dist/tex/latex/kvoptions/kvoptions.sty
Package: kvoptions 2022-06-15 v3.15 Key value format for package options (HO)
))
\c@section@level=\count299
)
(/usr/local/texlive/2026/texmf-dist/tex/latex/etoolbox/etoolbox.sty
Package: etoolbox 2025/10/02 v2.5m e-TeX tools for LaTeX (JAW)
\etb@tempcnta=\count300
)
(/usr/local/texlive/2026/texmf-dist/tex/generic/stringenc/stringenc.sty
Package: stringenc 2019/11/29 v1.12 Convert strings between diff. encodings (HO
)
)
\@linkdim=\dimen171
\Hy@linkcounter=\count301
\Hy@pagecounter=\count302

(/usr/local/texlive/2026/texmf-dist/tex/latex/hyperref/pd1enc.def
File: pd1enc.def 2026-01-29 v7.01p Hyperref: PDFDocEncoding definition (HO)
Now handling font encoding PD1 ...
... no UTF-8 mapping file for font encoding PD1
)
(/usr/local/texlive/2026/texmf-dist/tex/generic/intcalc/intcalc.sty
Package: intcalc 2019/12/15 v1.3 Expandable calculations with integers (HO)
)
\Hy@SavedSpaceFactor=\count303

(/usr/local/texlive/2026/texmf-dist/tex/latex/hyperref/puenc.def
File: puenc.def 2026-01-29 v7.01p Hyperref: PDF Unicode definition (HO)
Now handling font encoding PU ...
... no UTF-8 mapping file for font encoding PU
)
Package hyperref Info: Hyper figures OFF on input line 4201.
Package hyperref Info: Link nesting OFF on input line 4206.
Package hyperref Info: Hyper index ON on input line 4209.
Package hyperref Info: Plain pages OFF on input line 4216.
Package hyperref Info: Backreferencing OFF on input line 4221.
Package hyperref Info: Implicit mode ON; LaTeX internals redefined.
Package hyperref Info: Bookmarks ON on input line 4468.
\c@Hy@tempcnt=\count304

(/usr/local/texlive/2026/texmf-dist/tex/latex/url/url.sty
\Urlmuskip=\muskip18
Package: url 2013/09/16  ver 3.4  Verb mode for urls, etc.
)
LaTeX Info: Redefining \url on input line 4807.
\XeTeXLinkMargin=\dimen172

(/usr/local/texlive/2026/texmf-dist/tex/generic/bitset/bitset.sty
Package: bitset 2019/12/09 v1.3 Handle bit-vector datatype (HO)

(/usr/local/texlive/2026/texmf-dist/tex/generic/bigintcalc/bigintcalc.sty
Package: bigintcalc 2019/12/15 v1.5 Expandable calculations on big integers (HO
)
))
\Fld@menulength=\count305
\Field@Width=\dimen173
\Fld@charsize=\dimen174
Package hyperref Info: Hyper figures OFF on input line 6084.
Package hyperref Info: Link nesting OFF on input line 6089.
Package hyperref Info: Hyper index ON on input line 6092.
Package hyperref Info: backreferencing OFF on input line 6099.
Package hyperref Info: Link coloring OFF on input line 6104.
Package hyperref Info: Link coloring with OCG OFF on input line 6109.
Package hyperref Info: PDF/A mode OFF on input line 6114.
\Hy@abspage=\count306
\c@Item=\count307
\c@Hfootnote=\count308
)
Package hyperref Info: Driver (autodetected): hpdftex.

(/usr/local/texlive/2026/texmf-dist/tex/latex/hyperref/hpdftex.def
File: hpdftex.def 2026-01-29 v7.01p Hyperref driver for pdfTeX
\Fld@listcount=\count309
\c@bookmark@seq@number=\count310

(/usr/local/texlive/2026/texmf-dist/tex/latex/rerunfilecheck/rerunfilecheck.sty
Package: rerunfilecheck 2025-06-21 v1.11 Rerun checks for auxiliary files (HO)

(/usr/local/texlive/2026/texmf-dist/tex/generic/uniquecounter/uniquecounter.sty
Package: uniquecounter 2019/12/15 v1.4 Provide unlimited unique counter (HO)
)
Package uniquecounter Info: New unique counter `rerunfilecheck' on input line 2
84.
)
\Hy@SectionHShift=\skip54
)
(/usr/local/texlive/2026/texmf-dist/tex/latex/l3backend/l3backend-pdftex.def
File: l3backend-pdftex.def 2025-10-09 L3 backend support: PDF output (pdfTeX)
\l__color_backend_stack_int=\count311
)
(./compile_appendix.aux)
\openout1 = `compile_appendix.aux'.

LaTeX Font Info:    Checking defaults for OML/cmm/m/it on input line 12.
LaTeX Font Info:    ... okay on input line 12.
LaTeX Font Info:    Checking defaults for OMS/cmsy/m/n on input line 12.
LaTeX Font Info:    ... okay on input line 12.
LaTeX Font Info:    Checking defaults for OT1/cmr/m/n on input line 12.
LaTeX Font Info:    ... okay on input line 12.
LaTeX Font Info:    Checking defaults for T1/cmr/m/n on input line 12.
LaTeX Font Info:    ... okay on input line 12.
LaTeX Font Info:    Checking defaults for TS1/cmr/m/n on input line 12.
LaTeX Font Info:    ... okay on input line 12.
LaTeX Font Info:    Checking defaults for OMX/cmex/m/n on input line 12.
LaTeX Font Info:    ... okay on input line 12.
LaTeX Font Info:    Checking defaults for U/cmr/m/n on input line 12.
LaTeX Font Info:    ... okay on input line 12.
LaTeX Font Info:    Checking defaults for PD1/pdf/m/n on input line 12.
LaTeX Font Info:    ... okay on input line 12.
LaTeX Font Info:    Checking defaults for PU/pdf/m/n on input line 12.
LaTeX Font Info:    ... okay on input line 12.
Package hyperref Info: Link coloring OFF on input line 12.
 (./compile_appendix.out) (./compile_appendix.out)
\@outlinefile=\write3
\openout3 = `compile_appendix.out'.


(./compile_appendix.toc)
\tf@toc=\write4
\openout4 = `compile_appendix.toc'.

 [1

{/usr/local/texlive/2026/texmf-var/fonts/map/pdftex/updmap/pdftex.map}{/usr/loc
al/texlive/2026/texmf-dist/fonts/enc/dvips/cm-super/cm-super-t1.enc}] (./append
ix.tex
Overfull \hbox (170.43336pt too wide) in paragraph at lines 22--36
 [][] 
 []

(./results/table_sample_queries.tex
Underfull \hbox (badness 10000) in paragraph at lines 12--12
[]\T1/cmr/bx/n/10.95 Query
 []


Overfull \hbox (9.87718pt too wide) in paragraph at lines 17--18
[]\T1/cmr/m/n/10.95 Comparative| 
 []


Overfull \hbox (14.77412pt too wide) in paragraph at lines 35--36
[]\T1/cmr/m/n/10.95 Unanswerable| 
 []


Underfull \hbox (badness 10000) in paragraph at lines 43--43
[]\T1/cmr/m/n/10.95 Yes --- mi-
 []


Underfull \hbox (badness 10000) in paragraph at lines 43--43
\T1/cmr/m/n/10.95 to-chon-drial
 []


Underfull \hbox (badness 10000) in paragraph at lines 43--43
\T1/cmr/m/n/10.95 dy-nam-ics were
 []


Underfull \hbox (badness 10000) in paragraph at lines 43--43
\T1/cmr/m/n/10.95 ob-served to
 []


Underfull \hbox (badness 10000) in paragraph at lines 45--46
[]\T1/cmr/m/n/10.95 PubMedQA
 []


Overfull \hbox (3.93716pt too wide) in paragraph at lines 57--58
[]\T1/cmr/m/n/10.95 FinanceBench| 
 []


Overfull \hbox (62.7398pt too wide) in paragraph at lines 10--65
 [][] 
 []


LaTeX Warning: `h' float specifier changed to `ht'.

)
Overfull \hbox (66.11613pt too wide) in paragraph at lines 59--71
 [][] 
 []


LaTeX Warning: `h' float specifier changed to `ht'.

[2]
Underfull \hbox (badness 10000) in paragraph at lines 84--85
[]\T1/cmtt/m/n/10.95 You are an expert evaluator assessing the correctness of a

 []


Underfull \hbox (badness 10000) in paragraph at lines 87--89
\T1/cmtt/m/n/10.95 Rate how correctly the RESPONSE answers the QUESTION,
 []


Underfull \hbox (badness 10000) in paragraph at lines 97--109
\T1/cmtt/m/n/10.95 5 = The response contains the correct answer with the
 []


Underfull \hbox (badness 10000) in paragraph at lines 97--109
\T1/cmtt/m/n/10.95 same essential information as the reference. Minor
 []


Underfull \hbox (badness 10000) in paragraph at lines 97--109
\T1/cmtt/m/n/10.95 wording differences or additional correct elaboration
 []


Underfull \hbox (badness 10000) in paragraph at lines 97--109
\T1/cmtt/m/n/10.95 4 = The response is correct but misses minor details from
 []


Underfull \hbox (badness 10000) in paragraph at lines 97--109
\T1/cmtt/m/n/10.95 the reference, or adds minor inaccuracies alongside the
 []


Underfull \hbox (badness 10000) in paragraph at lines 97--109
\T1/cmtt/m/n/10.95 3 = Partially correct. Captures some key information
 []


Underfull \hbox (badness 10000) in paragraph at lines 97--109
\T1/cmtt/m/n/10.95 but misses important details or includes significant
 []


Underfull \hbox (badness 10000) in paragraph at lines 97--109
\T1/cmtt/m/n/10.95 2 = Mostly incorrect. Attempts to answer but misses the
 []


Underfull \hbox (badness 10000) in paragraph at lines 97--109
\T1/cmtt/m/n/10.95 1 = Completely incorrect, does not answer the question, or
 []


Underfull \hbox (badness 10000) in paragraph at lines 111--118
\T1/cmtt/m/n/10.95 - A verbose response that contains the correct answer
 []


Underfull \hbox (badness 10000) in paragraph at lines 111--118
\T1/cmtt/m/n/10.95 - Short reference answers (e.g. ``yes'', ``no'', a name, a
 []


Underfull \hbox (badness 10000) in paragraph at lines 111--118
\T1/cmtt/m/n/10.95 date): the response must contain or clearly convey that
 []


Underfull \hbox (badness 10000) in paragraph at lines 111--118
\T1/cmtt/m/n/10.95 - If the question is unanswerable and the reference
 []


Underfull \hbox (badness 10000) in paragraph at lines 111--118
\T1/cmtt/m/n/10.95 indicates this, a response that appropriately declines
 []


Underfull \hbox (badness 10000) in paragraph at lines 120--121
[]\T1/cmtt/m/n/10.95 Respond with ONLY valid JSON: {"score": <int 1--5>,
 []

[3]
Underfull \hbox (badness 10000) in paragraph at lines 132--139
[]\T1/cmtt/m/n/10.95 Classify the following question into exactly one of these
 []


Underfull \hbox (badness 10000) in paragraph at lines 132--139
\T1/cmtt/m/n/10.95 A multi-hop question requires combining facts from
 []


Underfull \hbox (badness 10000) in paragraph at lines 132--139
\T1/cmtt/m/n/10.95 A comparative question requires comparing two or more
 []


Underfull \hbox (badness 10000) in paragraph at lines 132--139
\T1/cmtt/m/n/10.95 An unanswerable question cannot be answered from typical
 []

[4] (./results/table_anova.tex

LaTeX Warning: `h' float specifier changed to `ht'.

) (./results/table_tukey_domain.tex

LaTeX Warning: `h' float specifier changed to `ht'.

) (./results/table_tukey_querytype.tex
Overfull \hbox (18.3813pt too wide) in paragraph at lines 5--17
 [][] 
 []


LaTeX Warning: `h' float specifier changed to `ht'.

) (./results/table_tukey_strategy.tex
Overfull \hbox (35.5023pt too wide) in paragraph at lines 5--27
 [][] 
 []


LaTeX Warning: `h' float specifier changed to `ht'.

)
Overfull \hbox (106.45015pt too wide) in paragraph at lines 199--208
 [][] 
 []


LaTeX Warning: `h' float specifier changed to `ht'.


Overfull \hbox (74.63742pt too wide) in paragraph at lines 230--233
[]\T1/cmr/bx/n/12 Embedding and in-dex-ing. \T1/cmr/m/n/12 Chunks were em-bed-d
ed with \T1/cmtt/m/n/12 text-embedding-3-small
 []

[5]) [6] [7] [8] [9] [10] (./compile_appendix.aux)
 ***********
LaTeX2e <2025-11-01>
L3 programming layer <2026-01-19>
 ***********
Package rerunfilecheck Info: File `compile_appendix.out' has not changed.
(rerunfilecheck)             Checksum: 4103BF2E057DA05D214C2D46B0EADE81;1611.
 ) 
Here is how much of TeX's memory you used:
 8748 strings out of 467525
 133470 string characters out of 5418982
 569905 words of memory out of 5000000
 37517 multiletter control sequences out of 15000+600000
 648367 words of font info for 87 fonts, out of 8000000 for 9000
 1141 hyphenation exceptions out of 8191
 75i,14n,79p,608b,575s stack positions out of 10000i,1000n,20000p,200000b,200000s
</usr/local/texlive/2026/texmf-dist/fonts/type1/public/amsfonts/cm/cmbx8.pfb>
</usr/local/texlive/2026/texmf-dist/fonts/type1/public/amsfonts/cm/cmmi10.pfb><
/usr/local/texlive/2026/texmf-dist/fonts/type1/public/amsfonts/cm/cmmi12.pfb></
usr/local/texlive/2026/texmf-dist/fonts/type1/public/amsfonts/cm/cmmi8.pfb></us
r/local/texlive/2026/texmf-dist/fonts/type1/public/amsfonts/cm/cmmib10.pfb></us
r/local/texlive/2026/texmf-dist/fonts/type1/public/amsfonts/cmextra/cmmib8.pfb>
</usr/local/texlive/2026/texmf-dist/fonts/type1/public/amsfonts/cm/cmr10.pfb></
usr/local/texlive/2026/texmf-dist/fonts/type1/public/amsfonts/cm/cmr12.pfb></us
r/local/texlive/2026/texmf-dist/fonts/type1/public/amsfonts/cm/cmr8.pfb></usr/l
ocal/texlive/2026/texmf-dist/fonts/type1/public/amsfonts/cm/cmsy10.pfb></usr/lo
cal/texlive/2026/texmf-dist/fonts/type1/public/amsfonts/cm/cmsy8.pfb></usr/loca
l/texlive/2026/texmf-dist/fonts/type1/public/cm-super/sfbi1200.pfb></usr/local/
texlive/2026/texmf-dist/fonts/type1/public/cm-super/sfbx0800.pfb></usr/local/te
xlive/2026/texmf-dist/fonts/type1/public/cm-super/sfbx1095.pfb></usr/local/texl
ive/2026/texmf-dist/fonts/type1/public/cm-super/sfbx1200.pfb></usr/local/texliv
e/2026/texmf-dist/fonts/type1/public/cm-super/sfbx1728.pfb></usr/local/texlive/
2026/texmf-dist/fonts/type1/public/cm-super/sfrm0800.pfb></usr/local/texlive/20
26/texmf-dist/fonts/type1/public/cm-super/sfrm1095.pfb></usr/local/texlive/2026
/texmf-dist/fonts/type1/public/cm-super/sfrm1200.pfb></usr/local/texlive/2026/t
exmf-dist/fonts/type1/public/cm-super/sfrm2074.pfb></usr/local/texlive/2026/tex
mf-dist/fonts/type1/public/cm-super/sfti1095.pfb></usr/local/texlive/2026/texmf
-dist/fonts/type1/public/cm-super/sfti1200.pfb></usr/local/texlive/2026/texmf-d
ist/fonts/type1/public/cm-super/sftt1095.pfb></usr/local/texlive/2026/texmf-dis
t/fonts/type1/public/cm-super/sftt1200.pfb>
Output written on compile_appendix.pdf (10 pages, 413368 bytes).
PDF statistics:
 249 PDF objects out of 1000 (max. 8388607)
 187 compressed objects within 2 object streams
 36 named destinations out of 1000 (max. 500000)
 73 words of extra memory for PDF output out of 10000 (max. 10000000)

